/usr/bin/at
/usr/bin/chage
/usr/bin/chfn
/usr/bin/chsh
/usr/bin/crontab
/usr/bin/fusermount
/usr/bin/fusermount-glusterfs
/usr/bin/fusermount3
/usr/bin/gpasswd
/usr/bin/grub2-set-bootflag
/usr/bin/mount
/usr/bin/mount.nfs
/usr/bin/newgrp
/usr/bin/pam_timestamp_check
/usr/bin/passwd
/usr/bin/pkexec
/usr/bin/su
/usr/bin/sudo
/usr/bin/umount
/usr/bin/unix_chkpwd
/usr/bin/userhelper
/usr/bin/vmware-user-suid-wrapper
/usr/lib/polkit-1/polkit-agent-helper-1
/usr/libexec/dbus-1/dbus-daemon-launch-helper
/usr/libexec/spice-gtk-x86_64/spice-client-glib-usb-acl-helper
/usr/libexec/libgtop_server2
/usr/libexec/qemu-bridge-helper
