  Файл: /home/user1
  Размер: 104       	Блоков: 0          Блок В/В: 4096   каталог
Устройство: 0/50	Инода: 495         Ссылки: 1
Доступ: (0700/drwx------)  Uid: ( 1234/   user1)   Gid: ( 1234/   user1)
Контекст: unconfined_u:object_r:user_home_dir_t:s0
Доступ:        2027-01-01 12:00:00.374052194 +0700
Модифицирован: 2027-01-01 12:01:39.845359261 +0700
Изменён:       2027-01-01 12:01:39.845359261 +0700
Создан:        2026-09-23 20:31:51.453755749 +0700
  Файл: /home/daniil/mycat
  Размер: 40696     	Блоков: 80         Блок В/В: 4096   обычный файл
Устройство: 0/50	Инода: 532         Ссылки: 1
Доступ: (4755/-rwsr-xr-x)  Uid: (    0/    root)   Gid: (    0/    root)
Контекст: unconfined_u:object_r:user_home_t:s0
Доступ:        2026-09-23 21:05:52.601144906 +0700
Модифицирован: 2026-09-23 21:01:32.694650167 +0700
Изменён:       2026-09-23 21:05:52.599695822 +0700
Создан:        2026-09-23 21:01:32.693902370 +0700
  Файл: /home/daniil/mychown
  Размер: 69984     	Блоков: 144        Блок В/В: 4096   обычный файл
Устройство: 0/50	Инода: 535         Ссылки: 1
Доступ: (0755/-rwxr-xr-x)  Uid: ( 1000/  daniil)   Gid: ( 1000/  daniil)
Контекст: unconfined_u:object_r:user_home_t:s0
Доступ:        2026-09-23 21:11:58.623417934 +0700
Модифицирован: 2026-09-23 21:10:01.341330466 +0700
Изменён:       2026-09-23 21:11:00.768908313 +0700
Создан:        2026-09-23 21:10:01.341330466 +0700
